exports[`illuminate highlight should highlight given text 1`] = `"<span class=\"token keyword keyword-if\" >if</span> <span class=\"token punctuation brackets-parentheses\" >(</span>a <span class=\"token operator\" >&gt;</span> b<span class=\"token punctuation brackets-parentheses\" >)</span>"`;
